// Jest Snapshot v1, https://goo.gl/fbAQLP

exports[`TextChart renders without crashing 1`] = `
<div>
  <div
    class="text_container"
  >
    <section
      class="chart_temp"
      data-testid="chart_temp"
    >
      <div
        class="formRow"
      >
        <div>
          <h3 />
          <ul>
            <li>
              10:00
              : 
              20
               
              째C
            </li>
            <li>
              11:00
              : 
              21
               
              째C
            </li>
          </ul>
        </div>
      </div>
    </section>
    <section
      class="chart_humidity"
      data-testid="chart_humidity"
    >
      <div
        class="formRow"
      >
        <div>
          <h3 />
          <ul>
            <li>
              10:00
              : 
              50
               
              %
            </li>
            <li>
              11:00
              : 
              55
               
              %
            </li>
          </ul>
        </div>
      </div>
    </section>
    <section
      class="chart_appTemp"
      data-testid="chart_appTemp"
    >
      <div
        class="formRow"
      >
        <div>
          <h3 />
          <ul>
            <li>
              10:00
              : 
              22
               
              째C
            </li>
            <li>
              11:00
              : 
              23
               
              째C
            </li>
          </ul>
        </div>
      </div>
    </section>
  </div>
</div>
`;
